2026-09-01T17:14:11 APP_start 311349.400000, 
2026-08-26T21:31:31 APP_end 311349.400000, 
2026-08-26T19:19:51 APP_start 311349.400000, 
2026-08-26T17:40:09 APP_end 311349.400000, 
2026-08-26T17:39:37 APP_start 311349.400000, 
2026-08-26T17:00:39 APP_start 311349.400000, 
2026-08-24T16:28:39 APP_end 311349.400000, 
2026-08-24T16:04:19  mission_end: unit_1232-2026-235-0-0 (0049.0000) initial.mi
2026-08-24T16:04:04  abort_start: MS_ABORT_USER_INTERRUPT
2026-08-24T16:03:56  mission_start: unit_1232-2026-235-0-0 (0049.0000) initial.mi
2026-08-24T16:03:33 APP_start 311349.400000, 
2026-08-24T15:57:06 APP_start 311349.400000, 
2026-08-24T15:51:23 APP_start 311349.400000, 
2026-08-24T15:03:54 APP_start 311349.400000, 
2026-08-24T15:03:41 APP_end 311349.400000, 
2026-08-24T14:33:09 APP_start 311349.400000, 
2026-08-21T20:41:05 APP_end 311349.400000, 
2026-08-21T20:07:10  mission_end: unit_1232-2026-232-0-0 (0048.0000) initial.mi
2026-08-21T20:06:41  abort_start: MS_ABORT_USER_INTERRUPT
2026-08-21T20:06:40  mission_start: unit_1232-2026-232-0-0 (0048.0000) initial.mi
2026-08-21T20:06:02 APP_start 311349.400000, 
2026-08-21T19:33:18 APP_end 311349.400000, 
2026-08-21T19:22:15 APP_start 311349.400000, 
2026-08-21T19:04:10 APP_end 311349.400000, 
2026-08-21T18:49:46 APP_start 311349.400000, 
2026-08-20T20:32:46 APP_end 311349.400000, 
2026-08-20T19:43:56  mission_end: unit_1232-2026-231-1-0 (0047.0000) status.mi
2026-08-20T19:43:34   mission_surface: (0047.0000): immediately requested
2026-08-20T19:43:34  mission_start: unit_1232-2026-231-1-0 (0047.0000) status.mi
2026-08-20T18:24:52  mission_end: unit_1232-2026-231-0-0 (0046.0000) initial.mi
2026-08-20T18:24:23  abort_start: MS_ABORT_USER_INTERRUPT
2026-08-20T18:24:18  mission_start: unit_1232-2026-231-0-0 (0046.0000) initial.mi
2026-08-20T18:23:32 APP_start 311349.400000, 
2026-08-12T19:12:53 APP_end 311349.400000, 
2026-08-12T19:08:30 APP_start 311349.400000, 
2026-08-12T18:15:24 APP_end 311349.400000, 
2026-08-12T17:01:25 APP_start 311349.400000, 
2026-07-29T19:49:25 APP_end 311349.400000, 
2026-07-29T19:35:42 APP_start 311349.400000, 
2026-07-29T19:35:26 APP_end 311349.400000, 
2026-07-29T17:40:36 APP_start 311349.400000, 
2026-07-27T21:01:52 APP_end 311349.400000, 
2026-07-27T21:00:14 APP_start 311349.400000, 
2026-07-27T20:20:55 APP_start 311349.400000, 
2026-07-27T20:14:19 APP_start 311349.400000, 
2025-07-17T16:43:47 APP_end 311349.400000, 
2025-07-17T16:21:07 APP_start 311349.400000, 
2025-07-17T16:20:58 APP_end 311349.400000, 
