# Wed Aug 26 21:31:31 2026
# From GliderDos: Exit command
f_ocean_pressure_min(volts) 0.101902
m_avg_climb_rate(m/s) -0.245809
m_avg_speed(m/s) 0.001167
m_avg_upward_inflection_time(sec) 18.983283
m_battery(volts) 15.176761
m_coulomb_amphr_total(amp-hrs) 1.491252
m_coulomb_watt_hr_total(watt-hrs) 272.159334
m_iridium_call_num(nodim) 15.000000
m_iridium_dialed_num(nodim) 178.000000
m_lat(lat) 4135.705100
m_lon(lon) -7054.583800
m_pump_effective_num_cycles(nodim) 2.370598
m_tot_ballast_pumped_energy(kjoules) 0.821551
m_tot_horz_dist(km) 6.732558
m_tot_num_inflections(nodim) 48.000000
m_tot_num_thermal_valve_cmd(nodim) 0.000000
m_weight_drop(bool) 0.000000
s_water_depth_avg(m) 200.000000
s_water_depth_delta(m) 0.000000
s_water_depth_wavelength(m) 100.000000
x_hover_ballast_deep(cc) 0.000000
x_hover_ballast_shallow(cc) 0.000000
x_hover_depth_deep(m) 0.000000
x_hover_depth_shallow(m) 0.000000
x_last_wpt_lat(lat) 4135.717800
x_last_wpt_lon(lon) -7054.597600
